B14d DECOMPOSITION — bybit 41 USDT perps, 1d, 2021-07-05 -> 2026-07-01
long = low-vol basket (survivorship-ROBUST), short = high-vol basket (survivorship-SUSPECT)

   L    q  reb   long/yr  short/yr   neut/yr  Sharpe   maxDD
------------------------------------------------------------
  30  0.1   14    +9.6%   -15.0%    +2.9%    0.49  -79.6%
  30  0.1   30   +20.9%   -14.7%   +13.3%    0.56  -82.1%
  30  0.2   14    +2.2%   -15.7%    +6.6%    0.46  -75.6%
  30  0.2   30    +7.2%    -2.3%  +102.7%    0.92  -63.2%
  60  0.1   14    +6.0%    -3.0%   +47.1%    0.74  -71.6%
  60  0.1   30   +17.3%   -10.3%   +34.2%    0.68  -82.7%
  60  0.2   14    +0.1%    -4.5%   +59.5%    0.80  -63.6%
  60  0.2   30   +16.2%    -6.8%   +99.3%    0.90  -60.8%
  90  0.1   14   +35.8%    -5.0%   +91.1%    0.87  -58.7%
  90  0.1   30   +48.8%    -4.3%  +126.7%    0.94  -81.8%
  90  0.2   14    +7.3%    -2.4%   +92.2%    0.93  -58.9%
  90  0.2   30   +23.0%    -7.5%  +105.6%    0.92  -61.6%

median long-leg  net: +12.9%/yr  (survivorship-robust)
median short-leg net: -5.9%/yr  (survivorship-suspect)

per-calendar-year median net across configs (long / short / neutral):
  year      long     short   neutral
  2021   -17.5%    +6.4%    -2.7%
  2022   -49.9%  +216.0%  +159.8%
  2023   +80.3%   -71.3%   -38.2%
  2024   +77.2%   -57.8%    -8.3%
  2025    +9.8%   +44.0%   +97.3%
  2026    -1.6%   +11.3%    +8.6%

READ: if neutral-book return tracks the SHORT column (and is negative in calm years), the
edge lives in the survivorship-suspect short leg + crash-regime timing, not clean alpha.
