B17 vol-targeted TSMOM portfolio — bybit 41 USDT perps, 1d, 2021-07-05 -> 2026-07-01, LEV=2.0

   L  reb mode   net/yr  Sharpe   maxDD  net_rec  ex22/yr  blow
---------------------------------------------------------------
  20    5   LS  -10.7%    0.14  -57.2%  -27.1%   -1.1%     -
  20    5   LO  -21.3%   -0.24  -99.5%  -81.9%  +11.5%     -
  20   20   LS  +10.1%    0.54  -45.2%   +3.2%  +22.3%     -
  20   20   LO  -20.3%   -0.04  -97.3%  -78.0%   -5.8%     -
  40    5   LS   -2.5%    0.40  -43.5%  -10.0%   -0.8%     -
  40    5   LO  -16.7%    0.26  -95.3%  -55.6%  +47.1%     -
  40   20   LS   -2.6%    0.19  -43.4%  -10.6%   -7.4%     -
  40   20   LO  -12.5%    0.32  -96.8% +108.1%  +95.7%     -
  60    5   LS   -2.4%    0.36  -45.9%  +28.3%   +0.6%     -
  60    5   LO  -14.0%    0.36  -93.6%   -6.2%  +46.2%     -
  60   20   LS   -1.6%    0.22  -58.4%  +38.0%   -5.3%     -
  60   20   LO  -21.4%   -0.14  -99.4%   +0.9%   -3.5%     -
  90    5   LS   +0.8%    0.44  -49.9%  -28.8%   -4.4%     -
  90    5   LO  -21.1%   -0.12  -92.9%  -65.0%  -15.6%     -
  90   20   LS   +2.0%    0.33  -56.2%  -47.0%  -10.1%     -
  90   20   LO  -21.8%   -0.31  -95.1%  -73.5%  -20.6%     -

BTC buy-and-hold: +78.1% (+15.6%/yr) — the passive alternative
per-calendar-year median net across configs:
  2021: -28.5%
  2022: -41.6%
  2023: +18.5%
  2024: +33.0%
  2025: -26.0%
  2026: -0.8%

configs net-positive: 3/16
median net: -11.63%/yr | median Sharpe: 0.24 | median recent-half: -18.9% | median ex-2022: -2.27%/yr

B17 VERDICT: FAIL — >=12/16 pos [no] AND med Sharpe>=0.70 [no] AND med>=+5%/yr [no] AND med recent>0 [no] AND ex-2022>=+5%/yr & no-blow [no] (informational; a PASS funds a full Edge-Certificate run).
