B18 OI-crowding neutral book — bybit 41 USDT perps, 1d, 2021-07-05 -> 2026-07-01
OI coverage over the close frame: 85.1%

diagnostic — pooled next-bar IC of OI-growth vs relative return (informational):
  L= 14: IC=-0.0243  (N=60980)
  L= 30: IC=-0.0304  (N=60691)
  L= 60: IC=-0.0342  (N=60056)
  (|IC| < ~0.03 => no usable cross-sectional signal, as H7 flow found for CVD)

   L     q  reb    net_abs   net/yr   net_rec   win%
----------------------------------------------------
  14   0.2   14    -63.4%  -12.7%   -28.6% 48.2%
  14   0.2   30    -14.8%   -3.0%   +23.9% 48.3%
  14   0.3   14    -39.8%   -8.0%   -16.8% 48.9%
  14   0.3   30    +10.3%   +2.1%   +40.8% 48.2%
  30   0.2   14    -15.3%   -3.1%   +73.1% 48.7%
  30   0.2   30    +85.9%  +17.2%    -0.0% 48.6%
  30   0.3   14    +61.1%  +12.2%   +99.0% 49.6%
  30   0.3   30    +69.2%  +13.9%    +0.7% 48.6%
  60   0.2   14    -29.4%   -5.9%   -27.1% 47.9%
  60   0.2   30    -23.2%   -4.6%   -34.9% 48.7%
  60   0.3   14     -2.3%   -0.5%    -6.9% 48.4%
  60   0.3   30    +14.2%   +2.8%   -29.2% 49.2%

configs net-positive: 5/12
median annualized net: -1.71%/yr (deploy hurdle >= +5%/yr)
median recent-half net: -3.46%

B18 VERDICT: FAIL — >= 9/12 net-positive [no] AND median >= +5%/yr [no] AND median recent-half > 0 [no] (informational; a PASS funds a full Edge-Certificate run; a sign-flip is a NEW probe).
