B19 OI-confirmed TSMOM — bybit 41 USDT perps, 1d, 2021-07-05 -> 2026-07-01, LEV=2.0, OI-rising gate ON

   L  reb mode   net/yr  Sharpe   maxDD  net_rec  ex22/yr  kept%  blow
----------------------------------------------------------------------
  20    5   LS  -12.7%    0.43  -82.6%  -10.1%  +21.1%   55%     -
  20    5   LO  -22.5%   -0.25  -99.9%  -97.0%  -25.7%   62%     -
  20   20   LS  -11.5%    0.33  -85.2%  -11.1%   +5.7%   55%     -
  20   20   LO  -22.4%   -0.38  -99.9%  -98.2%  -26.3%   62%     -
  40    5   LS  -12.7%    0.42  -77.9%  -65.6%   +2.1%   58%     -
  40    5   LO  -22.7%    0.09  -98.6%  -77.9%   -3.8%   63%     -
  40   20   LS  -10.2%    0.35  -88.7%  -12.9%  -13.8%   57%     -
  40   20   LO  -20.9%    0.26  -94.5%  -55.9%  -12.9%   63%     -
  60    5   LS  -17.6%    0.23  -91.6%  -52.3%  -13.6%   59%     -
  60    5   LO  -22.3%    0.16  -98.2%   +5.5%   +1.8%   64%     -
  60   20   LS  -11.9%    0.34  -87.4%  +26.5%   -9.0%   60%     -
  60   20   LO  -23.5%    0.01  -99.0%  -38.2%  -10.2%   63%     -
  90    5   LS  -18.2%    0.21  -95.8%  -71.8%  -20.0%   62%     -
  90    5   LO  -23.8%    0.01  -97.9%  -29.7%   +6.5%   64%     -
  90   20   LS  -21.1%   -0.18  -98.0%  -87.3%  -25.6%   63%     -
  90   20   LO  -24.7%   -0.51  -99.6%  -87.0%  -24.2%   65%     -

configs net-positive: 0/16
median net: -21.03%/yr | median Sharpe: 0.19 | median recent-half: -54.1% | median ex-2022: -11.54%/yr
(compare B17 no-gate: median Sharpe 0.24, median -11.6%/yr, 3/16 positive)

B19 VERDICT: FAIL — >=12/16 pos [no] AND med Sharpe>=0.70 [no] AND med>=+5%/yr [no] AND med recent>0 [no] AND ex-2022>=+5%/yr & no-blow [no] (informational; a PASS funds a full Edge-Certificate run).
