B21 hour-of-day durability + execution realism — window [21:00,23:00) UTC

D1 DURABILITY — net-maker %/yr by calendar year (n days in parens)
  year         BTC         ETH         BNB         XRP         SOL    median
----------------------------------------------------------------------------
  2019  +28.4%(365)  +34.0%(365)  +60.7%(365)  +41.9%(365)           -    +38.0%
  2020  +42.0%(366)  +37.9%(366)  +52.0%(366)  +52.8%(366)  -68.4%(143)    +42.0%
  2021  +32.2%(365)  +56.6%(365)  +77.7%(365)  +69.3%(365)  +46.1%(365)    +56.6%
  2022  -26.7%(365)  -43.8%(365)  -40.5%(365)  -13.2%(365)  -81.0%(365)    -40.5%
  2023   +9.0%(365)   +6.5%(365)   -0.2%(365)  -28.9%(365)  +32.3%(365)     +6.5%
  2024  +25.0%(366)  +40.1%(366)  +39.3%(366)   +5.6%(366)  +61.9%(366)    +39.3%
  2025  +16.0%(365)  +35.4%(365)  +22.7%(365)  -19.7%(365)   -2.6%(365)    +16.0%
  2026   -9.6%(186)   +7.0%(186)   -4.0%(186)   +6.6%(186)  +10.0%(186)     +6.6%

  last 3 full years [2023, 2024, 2025]: pooled median net-maker +20.64%/yr, median>0 in 3/3 years  ->  D1 PASS

D2 OUTLIER CONCENTRATION — net-maker %/yr after dropping the best 1% of days
     coin      full  drop-best  pos-days      N
-----------------------------------------------
 BTC/USDT   +16.1%     +1.9%    54.1%   2743
 ETH/USDT   +22.7%     +4.4%    54.1%   2743
 BNB/USDT   +27.9%    +11.5%    56.0%   2743
 XRP/USDT   +14.8%    -10.3%    54.6%   2743
 SOL/USDT    +6.0%    -23.1%    51.4%   2155

  median after drop +1.92%/yr | pooled positive days 54.16% (7110/13127)  ->  D2 PASS

D3 OUT-OF-VENUE / OUT-OF-QUOTE — bybit USDC 1h (different venue, quote AND period)
          series  gross/yr  net_mk/yr      N
--------------------------------------------
  bybit BTC/USDC   +27.7%    +13.1%    423
  bybit ETH/USDC   +49.0%    +34.4%    423

  positive on 2/2 USDC series  ->  D3 PASS

HOUR DRIFT (diagnostic) — mean gross %/yr of holding each single hour, median across coins
 bar (UTC hour)       19       20       21       22       23
       gross/yr        -   +4.6%  +19.6%  +13.6%   -8.4%   (bars 21+22 = the B20 window; a passive book also owns 20 and 23)

D4 EXECUTION REALISM — passive limit worked at `off` inside the reference price
     coin    off  fill_in  fill_out  fallback/yr   skip/yr     exit
-------------------------------------------------------------------
 BTC/USDT  0.00%    99.4%     99.7%      +18.0%    +18.6%    23:00
 BTC/USDT  0.05%    87.7%     87.2%       +6.1%    +10.2%    23:00
 BTC/USDT  0.10%    79.0%     76.4%       +5.3%    +13.6%    23:00
 ETH/USDT  0.00%    99.2%     99.5%      +26.8%    +26.0%    23:00
 ETH/USDT  0.05%    89.9%     89.0%       +8.5%    +11.3%    23:00
 ETH/USDT  0.10%    81.8%     82.1%       +5.1%    +13.8%    23:00
 BNB/USDT  0.00%    99.2%     99.1%      +20.3%    +20.7%    23:00
 BNB/USDT  0.05%    89.8%     88.1%      +10.9%    +16.8%    23:00
 BNB/USDT  0.10%    81.5%     79.9%       +8.4%    +17.0%    23:00
 XRP/USDT  0.00%    98.9%     98.5%      +10.3%    +10.7%    23:00
 XRP/USDT  0.05%    91.1%     87.6%       -6.0%     +0.6%    23:00
 XRP/USDT  0.10%    84.2%     80.6%       -7.6%     +2.8%    23:00
 SOL/USDT  0.00%    99.3%     99.0%       -6.6%     -5.9%    23:00
 SOL/USDT  0.05%    93.4%     91.7%      -14.7%    -11.6%    23:00
 SOL/USDT  0.10%    88.0%     85.8%      -19.6%    -13.4%    23:00

 BTC/USDT  0.00%    99.4%     99.6%       +7.1%     +6.7%    22:00
 BTC/USDT  0.05%    87.7%     87.8%       -2.5%     +2.3%    22:00
 BTC/USDT  0.10%    79.0%     78.5%       -2.5%     +5.8%    22:00
 ETH/USDT  0.00%    99.2%     99.4%       +9.9%     +9.5%    22:00
 ETH/USDT  0.05%    89.9%     89.9%       -2.8%     +0.2%    22:00
 ETH/USDT  0.10%    81.8%     82.5%       -6.9%     +1.4%    22:00
 BNB/USDT  0.00%    99.2%     98.9%       +0.3%     +0.8%    22:00
 BNB/USDT  0.05%    89.8%     89.3%       -5.1%     -0.4%    22:00
 BNB/USDT  0.10%    81.5%     81.6%       -3.7%     +4.8%    22:00
 XRP/USDT  0.00%    98.9%     99.2%       +4.2%     +5.2%    22:00
 XRP/USDT  0.05%    91.1%     90.7%      -10.2%     -4.0%    22:00
 XRP/USDT  0.10%    84.2%     83.4%      -11.0%     -2.5%    22:00
 SOL/USDT  0.00%    99.3%     99.1%      -18.1%    -17.4%    22:00
 SOL/USDT  0.05%    93.4%     92.2%      -29.7%    -27.6%    22:00
 SOL/USDT  0.10%    88.0%     87.4%      -31.7%    -25.2%    22:00

  exit@23:00 offset 0.00%: median fallback +17.97%/yr
  exit@23:00 offset 0.05%: median fallback +6.10%/yr
  exit@23:00 offset 0.10%: median fallback +5.12%/yr
  exit@22:00 offset 0.00%: median fallback +4.20%/yr
  exit@22:00 offset 0.05%: median fallback -5.10%/yr
  exit@22:00 offset 0.10%: median fallback -6.91%/yr

  PRIMARY exit@23:00: best offset 0.00% at +17.97%/yr | early exit@22:00: 0.00% at +4.20%/yr
  ->  D4 PASS (fill rates are an UPPER BOUND — touching the limit on an hourly bar is not a fill)

B21 VERDICT: lead SURVIVES — D1 durability [PASS] D2 outlier-robust [PASS] D3 out-of-venue [PASS] D4 execution-realism [PASS]
