B22 hour-of-day BASKET — window [21:00,23:00) UTC, passive execution, 1/N equal weight

set A (B20 majors, in-sample-ish): 5 — BTC, ETH, BNB, XRP, SOL
set B (OUT-OF-ASSET):              20 — AAVE, ADA, ALGO, ATOM, AVAX, BCH, DOGE, DOT, EOS, ETC, FIL, LINK, LTC, NEAR, SHIB, THETA, TRX, UNI, VET, XLM

PER-COIN GROSS (diagnostic, B20 mechanics: close(20)->close(22), no execution model)
      coin  gross/yr  gross_t  net_mk/yr      N  set
----------------------------------------------------
       BTC   +30.7%     5.10    +16.1%   2743    A
       ETH   +37.3%     4.67    +22.7%   2743    A
       BNB   +42.5%     6.00    +27.9%   2743    A
       XRP   +29.4%     2.94    +14.8%   2743    A
       SOL   +20.6%     1.52     +6.0%   2155    A
      AAVE   +20.5%     1.55     +5.9%   2113    B
       ADA   +26.8%     2.76    +12.2%   2766    B
      ALGO    +6.2%     0.53     -8.4%   2594    B
      ATOM   +19.1%     1.74     +4.5%   2648    B
      AVAX   +34.1%     2.33    +19.5%   2136    B
       BCH   +37.2%     4.02    +22.6%   2435    B
      DOGE   +58.8%     4.53    +44.2%   2581    B
       DOT   +24.1%     1.99     +9.5%   2170    B
       EOS   +43.6%     4.17    +29.0%   2337    B
       ETC   +38.3%     3.89    +23.7%   2766    B
       FIL   +36.5%     2.59    +21.9%   2113    B
      LINK   +32.6%     2.97    +18.0%   2751    B
       LTC   +33.9%     3.84    +19.3%   2766    B
      NEAR   +25.5%     1.88    +10.9%   2114    B
      SHIB   +39.2%     2.43    +24.6%   1906    B
     THETA   +39.0%     3.14    +24.4%   2667    B
       TRX   +17.3%     2.35     +2.7%   2766    B
       UNI   +32.3%     2.45    +17.7%   2141    B
       VET   +37.0%     3.38    +22.4%   2766    B
       XLM   +33.2%     3.49    +18.6%   2766    B
  set A: median gross_t 4.67 | gross_t>=3 on 3/5 | median net-maker +16.1%/yr | net-maker>0 on 5/5
  set B: median gross_t 2.68 | gross_t>=3 on 8/20 | median net-maker +18.9%/yr | net-maker>0 on 19/20

--- skip unfilled entries (PRIMARY) ---
                  book    net/yr        t   sharpe    maxDD  drop-best pos-days      N  coins
---------------------------------------------------------------------------------------------
       A majors @0.00%     +9.4%     0.95     0.39   -30.1%      -8.5%    52.2%   2155      5
 B out-of-asset @0.00%     +6.1%     0.61     0.22   -53.6%     -11.3%    53.1%   2766     20
        A+B all @0.00%     +8.1%     0.86     0.31   -49.2%      -8.7%    53.4%   2766     25
       A majors @0.05%     +1.8%     0.19     0.08   -33.2%     -14.9%    51.2%   2155      5
 B out-of-asset @0.05%     -1.9%    -0.19    -0.07   -55.9%     -18.4%    53.1%   2766     20
        A+B all @0.05%     +0.0%     0.00     0.00   -50.9%     -16.0%    53.4%   2766     25
       A majors @0.10%     +3.8%     0.41     0.17   -29.7%     -12.6%    51.4%   2155      5
 B out-of-asset @0.10%     -0.3%    -0.04    -0.01   -51.2%     -16.7%    54.3%   2766     20
        A+B all @0.10%     +1.6%     0.17     0.06   -46.0%     -14.4%    54.4%   2766     25

--- chase unfilled entries (secondary) ---
                  book    net/yr        t   sharpe    maxDD  drop-best pos-days      N  coins
---------------------------------------------------------------------------------------------
       A majors @0.00%     +9.2%     0.92     0.38   -30.1%      -8.8%    52.2%   2155      5
 B out-of-asset @0.00%     +5.7%     0.56     0.21   -54.6%     -11.7%    52.7%   2766     20
        A+B all @0.00%     +7.8%     0.82     0.30   -50.1%      -9.1%    53.0%   2766     25
       A majors @0.05%     -3.4%    -0.35    -0.14   -44.1%     -20.4%    49.6%   2155      5
 B out-of-asset @0.05%     -4.8%    -0.47    -0.17   -61.3%     -21.8%    51.9%   2766     20
        A+B all @0.05%     -3.2%    -0.33    -0.12   -56.9%     -19.7%    51.7%   2766     25
       A majors @0.10%     -6.0%    -0.61    -0.25   -53.7%     -22.7%    50.0%   2155      5
 B out-of-asset @0.10%     -6.0%    -0.59    -0.22   -61.5%     -22.8%    52.1%   2766     20
        A+B all @0.10%     -4.7%    -0.48    -0.17   -57.7%     -21.0%    51.9%   2766     25

OUT-OF-ASSET basket @ 0.05%, per calendar year (n days)
  2019:   -11.8%/yr  (365 days)
  2020:    +6.5%/yr  (366 days)
  2021:   +18.6%/yr  (365 days)
  2022:   -39.2%/yr  (365 days)
  2023:    +5.0%/yr  (365 days)
  2024:   +50.8%/yr  (366 days)
  2025:   -30.3%/yr  (365 days)
  2026:   -24.6%/yr  (209 days)   (partial year)

B22 VERDICT: FAIL — out-of-asset basket @0.05% skip-book: net -1.90%/yr [no] AND t=-0.19>3 [no] AND positive in 3/5 of the last 5 full years [no] AND drop-best-1% -18.43%/yr>=+5% [no]
  CAVEAT (unchanged from B21): hourly-bar fill simulation is an UPPER BOUND on fill rates — queue position is invisible at this resolution. Live-paper measurement still decides.
