B23 NY-alignment mechanism test — is the window clocked to the 16:00 ET equity close?

     coin   set  fx_gross   fx_t  ny_gross   ny_t  fx_net_mk  ny_net_mk      N
------------------------------------------------------------------------------
 BTC/USDT   EDT   +37.1%   4.96   +32.8%   4.24    +22.5%    +18.2%   1786
 BTC/USDT   EST   +18.8%   1.86   +18.8%   1.86     +4.2%     +4.2%    957
 BTC/USDT   all   +30.7%   5.10   +27.9%   4.54    +16.1%    +13.3%   2743
------------------------------------------------------------------------------
 ETH/USDT   EDT   +45.9%   4.65   +46.9%   4.94    +31.3%    +32.3%   1786
 ETH/USDT   EST   +21.1%   1.56   +21.1%   1.56     +6.5%     +6.5%    957
 ETH/USDT   all   +37.3%   4.67   +37.9%   4.87    +22.7%    +23.3%   2743
------------------------------------------------------------------------------
 BNB/USDT   EDT   +45.6%   5.48   +30.9%   3.70    +31.0%    +16.3%   1786
 BNB/USDT   EST   +36.9%   2.81   +36.9%   2.81    +22.3%    +22.3%    957
 BNB/USDT   all   +42.5%   6.00   +33.0%   4.64    +27.9%    +18.4%   2743
------------------------------------------------------------------------------
 XRP/USDT   EDT   +30.2%   2.68   +29.7%   2.41    +15.6%    +15.1%   1786
 XRP/USDT   EST   +28.0%   1.43   +28.0%   1.43    +13.4%    +13.4%    957
 XRP/USDT   all   +29.4%   2.94   +29.1%   2.76    +14.8%    +14.5%   2743
------------------------------------------------------------------------------
 SOL/USDT   EDT   +41.9%   2.59   +29.9%   2.00    +27.3%    +15.3%   1392
 SOL/USDT   EST   -18.4%  -0.77   -18.4%  -0.77    -33.0%    -33.0%    763
 SOL/USDT   all   +20.6%   1.52   +12.8%   1.00     +6.0%     -1.8%   2155
------------------------------------------------------------------------------

EDT days: NY-aligned t beat fixed t on 1/5 majors [no]; median net-maker fixed +27.3%/yr -> NY +16.3%/yr [no]
full sample: median net-maker fixed +16.12%/yr -> NY-aligned +14.50%/yr

B23 VERDICT: US-close mechanism REFUTED
