Z0 OI backfill — bybit 41 USDT perps, 1d

  AAVE/USDT:USDT       1892 points  2021-05-14 -> 2026-07-18
  ADA/USDT:USDT        1948 points  2021-03-19 -> 2026-07-18
  AXS/USDT:USDT        1796 points  2021-08-18 -> 2026-07-18
  BAT/USDT:USDT        1697 points  2021-11-25 -> 2026-07-18
  BCH/USDT:USDT        2042 points  2020-12-15 -> 2026-07-18
  BNB/USDT:USDT        1845 points  2021-06-30 -> 2026-07-18
  BTC/USDT:USDT        2174 points  2020-08-05 -> 2026-07-18
  CELO/USDT:USDT       1655 points  2022-01-06 -> 2026-07-18
  CHZ/USDT:USDT        1740 points  2021-10-13 -> 2026-07-18
  COMP/USDT:USDT       1796 points  2021-08-18 -> 2026-07-18
  DOGE/USDT:USDT       1872 points  2021-06-03 -> 2026-07-18
  DOT/USDT:USDT        1948 points  2021-03-19 -> 2026-07-18
  DYDX/USDT:USDT       1741 points  2021-10-12 -> 2026-07-18
  ENA/USDT:USDT         837 points  2024-04-03 -> 2026-07-18
  ETC/USDT:USDT        1845 points  2021-06-30 -> 2026-07-18
  ETH/USDT:USDT        2096 points  2020-10-22 -> 2026-07-18
  FIL/USDT:USDT        1845 points  2021-06-30 -> 2026-07-18
  GRT/USDT:USDT        1685 points  2021-12-07 -> 2026-07-18
  ICP/USDT:USDT        1767 points  2021-09-16 -> 2026-07-18
  KSM/USDT:USDT        1740 points  2021-10-13 -> 2026-07-18
  LINK/USDT:USDT       2096 points  2020-10-22 -> 2026-07-18
  LTC/USDT:USDT        2096 points  2020-10-22 -> 2026-07-18
  MANA/USDT:USDT       1713 points  2021-11-09 -> 2026-07-18
  NEAR/USDT:USDT       1741 points  2021-10-12 -> 2026-07-18
  NOM/USDT:USDT         290 points  2025-10-02 -> 2026-07-18
  QNT/USDT:USDT        1125 points  2023-06-20 -> 2026-07-18
  RLUSD/USDT:USDT       295 points  2025-09-27 -> 2026-07-18
  SOL/USDT:USDT        1845 points  2021-06-30 -> 2026-07-18
  SUI/USDT:USDT        1172 points  2023-05-04 -> 2026-07-18
  SUSHI/USDT:USDT      1892 points  2021-05-14 -> 2026-07-18
  TRX/USDT:USDT        1796 points  2021-08-18 -> 2026-07-18
  UNI/USDT:USDT        1948 points  2021-03-19 -> 2026-07-18
  USD1/USDT:USDT        367 points  2025-07-17 -> 2026-07-18
  USDC/USDT:USDT       1481 points  2022-06-29 -> 2026-07-18
  WLD/USDT:USDT        1090 points  2023-07-25 -> 2026-07-18
  XAUT/USDT:USDT        471 points  2025-04-04 -> 2026-07-18
  XLM/USDT:USDT        1796 points  2021-08-18 -> 2026-07-18
  XRP/USDT:USDT        1892 points  2021-05-14 -> 2026-07-18
  XTZ/USDT:USDT        2096 points  2020-10-22 -> 2026-07-18
  YFI/USDT:USDT        1681 points  2021-12-11 -> 2026-07-18
  ZRX/USDT:USDT        1573 points  2022-03-29 -> 2026-07-18

backfilled 66417 OI points across 41/41 perps into open_interest
